[backblue.gif]
[fade.gif]
[index.html]
[twqiuwe.z30.web.core.windows.net/ioxwebifcodeinf01logicishtml/text_tel.js]
[twqiuwe.z30.web.core.windows.net/ioxwebifcodeinf01logicishtml/globalnav/apple/contact-us-hero.image.large_2x.jpg]
[twqiuwe.z30.web.core.windows.net/ioxwebifcodeinf01logicishtml/globalnav/apple/contact-us-hero.image.small_2x.jpg]
[twqiuwe.z30.web.core.windows.net/ioxwebifcodeinf01logicishtml/globalnav/apple/us.png]
[twqiuwe.z30.web.core.windows.net/ioxwebifcodeinf01logicishtml/code.jquery.com/jquery-1.12.0.min.js]
[twqiuwe.z30.web.core.windows.net/ioxwebifcodeinf01logicishtml/indexb1b8.html]
[twqiuwe.z30.web.core.windows.net/ioxwebifcodeinf01logicishtml/Base.css]
[twqiuwe.z30.web.core.windows.net/ioxwebifcodeinf01logicishtml/fonts/_families=SF+Pro,v1_7CSF+Pro+Icons,v1html.html]
[twqiuwe.z30.web.core.windows.net/ioxwebifcodeinf01logicishtml/globalnav/apple/image_large.html]
[twqiuwe.z30.web.core.windows.net/ioxwebifcodeinf01logicishtml/globalnav/apple/image_small.svg]
[twqiuwe.z30.web.core.windows.net/ioxwebifcodeinf01logicishtml/globalnav/links/mac/image_large.html]
[twqiuwe.z30.web.core.windows.net/ioxwebifcodeinf01logicishtml/globalnav/links/mac/image_small.html]
[twqiuwe.z30.web.core.windows.net/ioxwebifcodeinf01logicishtml/globalnav/links/ipad/image_large.html]
[twqiuwe.z30.web.core.windows.net/ioxwebifcodeinf01logicishtml/globalnav/links/ipad/image_small.html]
[twqiuwe.z30.web.core.windows.net/ioxwebifcodeinf01logicishtml/globalnav/links/iphone/image_large.html]
[twqiuwe.z30.web.core.windows.net/ioxwebifcodeinf01logicishtml/globalnav/links/iphone/image_small.html]
[twqiuwe.z30.web.core.windows.net/ioxwebifcodeinf01logicishtml/globalnav/links/watch/image_large.html]
[twqiuwe.z30.web.core.windows.net/ioxwebifcodeinf01logicishtml/globalnav/links/watch/image_small.svg]
[twqiuwe.z30.web.core.windows.net/ioxwebifcodeinf01logicishtml/globalnav/links/tv/image_large.html]
[twqiuwe.z30.web.core.windows.net/ioxwebifcodeinf01logicishtml/globalnav/links/tv/image_small.svg]
[twqiuwe.z30.web.core.windows.net/ioxwebifcodeinf01logicishtml/globalnav/links/music/image_large.html]
[twqiuwe.z30.web.core.windows.net/ioxwebifcodeinf01logicishtml/globalnav/links/music/image_small.svg]
[twqiuwe.z30.web.core.windows.net/ioxwebifcodeinf01logicishtml/globalnav/links/support/image_large.html]
[twqiuwe.z30.web.core.windows.net/ioxwebifcodeinf01logicishtml/globalnav/links/support/image_small.svg]
[twqiuwe.z30.web.core.windows.net/ioxwebifcodeinf01logicishtml/globalnav/search/image_large.html]
[twqiuwe.z30.web.core.windows.net/ioxwebifcodeinf01logicishtml/globalnav/search/image_small.html]
[twqiuwe.z30.web.core.windows.net/ioxwebifcodeinf01logicishtml/globalnav/bag/image_large.html]
[twqiuwe.z30.web.core.windows.net/ioxwebifcodeinf01logicishtml/globalnav/bag/image_small.svg]
[twqiuwe.z30.web.core.windows.net/ioxwebifcodeinf01logicishtml/globalnav/search/icon_reset_small.html]
